[www.maxmilhas.com.br/passagens-aereas.html]
[backblue.gif]
[fade.gif]
[index.html]
[www.maxmilhas.com.br/index.html]
[website-hangar-assets.maxmilhas.com.br/2023/04/05/642d807791c92opengraph.png]
[www.maxmilhas.com.br/_next/static/css/b1e55e44eb1f6d85.css]
[www.maxmilhas.com.br/_next/static/chunks/polyfills-5cd94c89d3acac5f.js]
[www.maxmilhas.com.br/_next/static/chunks/webpack-b8dcc231153ea4b4.js]
[www.maxmilhas.com.br/_next/static/chunks/framework-79bce4a3a540b080.js]
[www.maxmilhas.com.br/_next/static/chunks/main-3d92532f0a92468f.js]
[www.maxmilhas.com.br/_next/static/chunks/pages/_app-00566283ff2cc02d.js]
[www.maxmilhas.com.br/_next/static/chunks/9067-8225482b45f71b94.js]
[www.maxmilhas.com.br/_next/static/chunks/2455-bc40dbddaa26fe5d.js]
[www.maxmilhas.com.br/_next/static/chunks/pages/passagens-aereas-c7998ea37c8b9c8f.js]
[www.maxmilhas.com.br/_next/static/wZncPBnIvqApbbJmAB0G0/_buildManifest.js]
[www.maxmilhas.com.br/_next/static/wZncPBnIvqApbbJmAB0G0/_ssgManifest.js]
[www.maxmilhas.com.br/_next/static/wZncPBnIvqApbbJmAB0G0/_middlewareManifest.js]
[cdn.icomoon.io/124302/MaxIcons/style6fa9.css]
[www.maxmilhas.com.br/_next/642630a886a31logo_20232195.webp]
[www.maxmilhas.com.br/hotel.html]
[www.maxmilhas.com.br/vender-milhas.html]
[www.maxmilhas.com.br/maxradar.html]
[www.maxmilhas.com.br/oportunidades-passagens-baratas.html]
[www.maxmilhas.com.br/cartao-presente.html]
[www.maxmilhas.com.br/_next/642f538ea4168IMAGEM-PASSAGEM_1366-1-10c2d.webp]
[www.maxmilhas.com.br/_next/66db6d337e3e3Banner-desktop39c0.webp]
[www.maxmilhas.com.br/cia-aerea/gol.html]
[www.maxmilhas.com.br/cia-aerea/latam.html]
[www.maxmilhas.com.br/cia-aerea/azul.html]
[www.maxmilhas.com.br/cia-aerea/tap.html]
[www.maxmilhas.com.br/quemsomos.html]
[www.maxmilhas.com.br/imprensa.html]
[www.maxmilhas.com.br/terms/client-register.html]
[www.maxmilhas.com.br/terms/privacy-policy.html]
[www.maxmilhas.com.br/login.html]
[www.maxmilhas.com.br/passagens-aereas.html]
[www.maxmilhas.com.br/_next/static/chunks/9288-d7a919a083b4640c.js]
[www.maxmilhas.com.br/_next/static/chunks/pages/index-2061f783e0a5d6c1.js]
[www.maxmilhas.com.br/_next/66ded79f57543banner_site_diadocliente_main4252.webp]
[www.maxmilhas.com.br/_next/642f2e27f2677escolhemead7.webp]
[www.maxmilhas.com.br/index.html]
[www.maxmilhas.com.br/_next/static/css/b1e55e44eb1f6d85.css]
[cdn.jsdelivr.net/npm/bootstrap@4.5.3/dist/css/bootstrap-grid.css]
[cdn.icomoon.io/124302/MaxIcons/max-iconscbbe.eot]
[cdn.icomoon.io/124302/MaxIcons/max-iconscbbe.woff2]
[cdn.icomoon.io/124302/MaxIcons/max-iconscbbe.ttf]
[cdn.icomoon.io/124302/MaxIcons/max-iconscbbe.woff]
[cdn.icomoon.io/124302/MaxIcons/style6fa9.css]
[cdn.icomoon.io/124302/MaxIcons/max-iconscbbe.svg]
[www.maxmilhas.com.br/_next/static/chunks/pages/hotel-1394b5f572d4b986.js]
[www.maxmilhas.com.br/_next/66ded79ea9480banner_site_diadocliente_hoteis97e8.webp]
[website-hangar-assets.maxmilhas.com.br/2019/08/user-1.png]
[website-hangar-assets.maxmilhas.com.br/2019/08/user-8.png]
[website-hangar-assets.maxmilhas.com.br/2019/08/user-10.png]
[website-hangar-assets.maxmilhas.com.br/2019/08/user-5.png]
[website-hangar-assets.maxmilhas.com.br/2019/08/user-13.png]
[website-hangar-assets.maxmilhas.com.br/2019/08/user-15.png]
[website-hangar-assets.maxmilhas.com.br/2019/08/user-3.png]
[website-hangar-assets.maxmilhas.com.br/2019/08/user-16.png]
[website-hangar-assets.maxmilhas.com.br/2019/08/user-6.png]
[website-hangar-assets.maxmilhas.com.br/2019/08/user-9.png]
[website-hangar-assets.maxmilhas.com.br/2019/08/user-7.png]
[website-hangar-assets.maxmilhas.com.br/2019/08/user-11.png]
[website-hangar-assets.maxmilhas.com.br/2019/08/user-4.png]
[website-hangar-assets.maxmilhas.com.br/2019/08/user-12.png]
[website-hangar-assets.maxmilhas.com.br/2019/08/user-17.png]
[website-hangar-assets.maxmilhas.com.br/2019/08/user-2.png]
[website-hangar-assets.maxmilhas.com.br/2019/08/img-newsletter-1024.png]
[www.maxmilhas.com.br/hotel.html]
[marketing-whitelabel.maxmilhas.com.br/js/vendor.js]
[marketing-whitelabel.maxmilhas.com.br/js/whitelabel.js]
[www.maxmilhas.com.br/_next/static/chunks/5768-5d3ad97b7e7d6ba8.js]
[www.maxmilhas.com.br/_next/static/chunks/1948-e7acc9a8c1faf6db.js]
[www.maxmilhas.com.br/_next/static/chunks/7570-f3c221e372bd367f.js]
[www.maxmilhas.com.br/_next/static/chunks/3786-e424e2b9401ecdc4.js]
[www.maxmilhas.com.br/_next/static/chunks/8786-a72374d8c49324e9.js]
[www.maxmilhas.com.br/_next/static/chunks/7937-2c3dd607ccdb526e.js]
[www.maxmilhas.com.br/_next/static/chunks/pages/vender-milhas-54741ae5991637f2.js]
[cdnjs.cloudflare.com/ajax/libs/slick-carousel/1.6.0/slick.min.css]
[www.maxmilhas.com.br/milhas/pontos-cartao-credito.html]
[www.maxmilhas.com.br/vender-milhas.html]
[www.maxmilhas.com.br/_next/static/chunks/pages/maxradar-c611e1afb252efdb.js]
[website-hangar-assets.maxmilhas.com.br/2023/03/31/642630a886a31logo_2023.png]
[www.maxmilhas.com.br/_next/66300c8738a3elp-radar-hero-animation6f7c.webp]
[www.maxmilhas.com.br/_next/6622aa3f364c2vamo_viajar15a4.jpeg]
[www.maxmilhas.com.br/_next/662fe55f1b10cPasso-1090d.jpeg]
[www.maxmilhas.com.br/_next/662fe5fd8706elp-radar-passo-2de9a.jpeg]
[www.maxmilhas.com.br/_next/662fe5fe208bclp-radar-passo-33e65.jpeg]
[www.maxmilhas.com.br/_next/662fe5fe7beb5lp-radar-passo-47f03.jpeg]
[www.maxmilhas.com.br/_next/6626bea892010lp-radar-marketing254e.webp]
[www.maxmilhas.com.br/maxradar.html]
[www.maxmilhas.com.br/_next/static/css/1777c15200e578a5.css]
[www.maxmilhas.com.br/_next/static/chunks/2298-e588d63982f185bc.js]
[www.maxmilhas.com.br/_next/static/chunks/5958-208a5d26633e3a28.js]
[www.maxmilhas.com.br/_next/static/chunks/254-194be8b8a8592588.js]
[www.maxmilhas.com.br/_next/static/chunks/pages/oportunidades-passagens-baratas-306eba0a4b362f90.js]
[www.maxmilhas.com.br/oportunidades-passagens-baratas.html]
[www.maxmilhas.com.br/_next/static/chunks/2621-bf7041843fea208f.js]
[www.maxmilhas.com.br/_next/static/chunks/5731-6762d63e5eb67d00.js]
[www.maxmilhas.com.br/_next/static/chunks/pages/cartao-presente-8d819f67e9ed8337.js]
[website-hangar-assets.maxmilhas.com.br/2022/11/29/63865c1aeb2b7cloud2.png]
[www.maxmilhas.com.br/_next/647dfcef288f7card_horizontal_380x600_boraviajarc302.webp]
[www.maxmilhas.com.br/_next/655dfd5720d58card_horizontal_380x600_viajemais-1f219.webp]
[www.maxmilhas.com.br/_next/64d404196e7b7card_horizontal_380x600_boraviajared70.webp]
[www.maxmilhas.com.br/_next/655dfd553a01fcard_horizontal_380x600_boraviajar-181d9.webp]
[www.maxmilhas.com.br/_next/647dfcf3ca5bacard_horizontal_380x600_viajemais3390.webp]
[www.maxmilhas.com.br/_next/642b34208109bshopping-bag-cursor-hand3962.webp]
[www.maxmilhas.com.br/_next/642b341fe1ea4christmas-gift704e.webp]
[www.maxmilhas.com.br/_next/642b34203b697hand-credit-card975b.webp]
[www.maxmilhas.com.br/_next/642b2cf74ae53valeemqualquersituacao21ff.webp]
[www.maxmilhas.com.br/_next/642b2a970b966cabeemqualquerbolso_22154.jpeg]
[website-hangar-assets.maxmilhas.com.br/2023/08/09/64d404196e7b7card_horizontal_380x600_boraviajar.png]
[www.maxmilhas.com.br/cartao-presente.html]
[www.maxmilhas.com.br/cia-aerea/[object Object]]
[www.maxmilhas.com.br/lp/cia-aerea/gol]
[www.maxmilhas.com.br/_next/static/chunks/05ac0dcf-1b27cb249fef9dcb.js]
[www.maxmilhas.com.br/_next/static/chunks/5d4252c2-21554dc5fea54a00.js]
[www.maxmilhas.com.br/_next/static/chunks/8119-2e43416d8dd686a0.js]
[www.maxmilhas.com.br/_next/static/chunks/5374-2b99fcdbf40e045b.js]
[www.maxmilhas.com.br/_next/static/chunks/7399-c674e561c1274fb5.js]
[www.maxmilhas.com.br/_next/static/chunks/66-c07c8288af505370.js]
[www.maxmilhas.com.br/_next/static/chunks/4732-96e7a9209b3b73dd.js]
[www.maxmilhas.com.br/_next/static/chunks/4416-683df44d10ac78d5.js]
[www.maxmilhas.com.br/_next/static/chunks/5834-9fdde089aa6056b3.js]
[www.maxmilhas.com.br/_next/static/chunks/2520-d96825f852c889da.js]
[www.maxmilhas.com.br/_next/static/chunks/6726-06b8f458ab04b2a9.js]
[www.maxmilhas.com.br/_next/static/chunks/5468-92164a6e8599d81a.js]
[www.maxmilhas.com.br/_next/static/chunks/4483-04bb9f24a13b1b2c.js]
[www.maxmilhas.com.br/_next/static/chunks/pages/cia-aerea/[cia]-fb3a5fdb961f33cd.js]
[static.maxmilhas.com.br/img/cia/avioes-nofilter/aviao-1-950x305.jpg]
[www.maxmilhas.com.br/_next/aviao-1-950x305ccdc.webp]
[www.maxmilhas.com.br/cia-aerea/gol.html]
[www.maxmilhas.com.br/lp/cia-aerea/latam]
[static.maxmilhas.com.br/img/cia/avioes-nofilter/aviao-2-950x305.jpg]
[www.maxmilhas.com.br/_next/aviao-2-950x305f45c.webp]
[www.maxmilhas.com.br/cia-aerea/latam.html]
[www.maxmilhas.com.br/lp/cia-aerea/azul]
[www.maxmilhas.com.br/cia-aerea/azul.html]
[www.maxmilhas.com.br/lp/cia-aerea/tap]
[static.maxmilhas.com.br/img/cia/avioes-nofilter/aviao-3-950x305.jpg]
[www.maxmilhas.com.br/_next/aviao-3-950x305dd85.jpeg]
[www.maxmilhas.com.br/cia-aerea/tap.html]
[www.maxmilhas.com.br/blog/index.html]
[www.maxmilhas.com.br/error.html]
[www.maxmilhas.com.br/_next/static/chunks/pages/quemsomos-39c41f77fe86b2c7.js]
[www.maxmilhas.com.br/_next/64495a010dc1fawards-infostart9435.webp]
[www.maxmilhas.com.br/_next/64495a01aecefawards-ecommercebrasil48b4.webp]
[www.maxmilhas.com.br/_next/64495a00bdc6eawards-raad7f.webp]
[www.maxmilhas.com.br/_next/64495a01576acawards-gptw6c96.png]
[www.maxmilhas.com.br/_next/644ace2571a0eFoto5da9f.png]
[www.maxmilhas.com.br/_next/644ace2195697Foto10185c.png]
[www.maxmilhas.com.br/_next/644ad9b0f1cb6Aproxima6424.png]
[www.maxmilhas.com.br/_next/644ace238322cFoto27d8f.png]
[www.maxmilhas.com.br/_next/644ad9b1d9708AquiNaMax4067.png]
[www.maxmilhas.com.br/_next/644ace1f4cc39Foto72eb2.png]
[www.maxmilhas.com.br/_next/644ace1cd821aFoto63774.png]
[www.maxmilhas.com.br/_next/64513ffae8321Acelera10cf.png]
[www.maxmilhas.com.br/_next/644ace24648edFoto8bfbf.png]
[www.maxmilhas.com.br/_next/644ad9b18d4f3Ama9a36.png]
[www.maxmilhas.com.br/_next/644ace1e839a7Foto9304b.png]
[www.maxmilhas.com.br/_next/644ace20d1159Foto34978.png]
[www.maxmilhas.com.br/_next/644ad9b14b718Arrisca3e28.png]
[www.maxmilhas.com.br/_next/644ace2271a6dFoto45ec1.png]
[www.maxmilhas.com.br/quemsomos.html]
[www.maxmilhas.com.br/_next/static/chunks/pages/imprensa-e834cf8dc43a1c51.js]
[website-hangar-assets.maxmilhas.com.br/2023/06/13/64885d48c2f61imprensa.png]
[www.maxmilhas.com.br/imprensa.html]
[www.maxmilhas.com.br/_next/static/chunks/pages/terms/[slug]-88a6cb20081c7604.js]
[www.maxmilhas.com.br/terms/client-register.html]
[www.maxmilhas.com.br/terms/privacy-policy.html]
[cdn.icomoon.io/124302/MaxIcons/style-cf800f.css]
[www.maxmilhas.com.br/my-account-assets/_next/static/chunks/polyfills-5cd94c89d3acac5f.js]
[www.maxmilhas.com.br/my-account-assets/_next/static/chunks/webpack-a66c9287f4724731.js]
[www.maxmilhas.com.br/my-account-assets/_next/static/chunks/framework-bb5c596eafb42b22.js]
[www.maxmilhas.com.br/my-account-assets/_next/static/chunks/main-1e96e2b024907b72.js]
[www.maxmilhas.com.br/my-account-assets/_next/static/chunks/pages/_app-57f0a746116023d8.js]
[www.maxmilhas.com.br/my-account-assets/_next/static/chunks/600-c337a597c0a0f86a.js]
[www.maxmilhas.com.br/my-account-assets/_next/static/chunks/pages/login-7f3b640aaaf70afe.js]
[www.maxmilhas.com.br/my-account-assets/_next/static/zB8Lif32ZPpMZ700Wn-ce/_buildManifest.js]
[www.maxmilhas.com.br/my-account-assets/_next/static/zB8Lif32ZPpMZ700Wn-ce/_ssgManifest.js]
[www.maxmilhas.com.br/my-account-assets/_next/static/zB8Lif32ZPpMZ700Wn-ce/_middlewareManifest.js]
[www.maxmilhas.com.br/login.html]
[www.maxmilhas.com.br/relembrar-senha.html]
[cdn.jsdelivr.net/npm/bootstrap@4.5.3/dist/css/bootstrap-grid.css]
[cdn.icomoon.io/124302/MaxIcons/max-iconscbbe.svg]
[cdnjs.cloudflare.com/ajax/libs/slick-carousel/1.6.0/slick.min.css]
[static.maxmilhas.com.br/img/apple-touch-icon.png]
[cdn.icomoon.io/124302/MaxIcons/style-cff7c3.css]
[static.maxmilhas.com.br/css/small.[af19fc3b60bd1b3fd854].css]
[static.maxmilhas.com.br/css/seoCss.[2a4662b0913c88052633].css]
[static.maxmilhas.com.br/css/app.[5e74858d048c714e4c60].css]
[www.maxmilhas.com.br/consultar-cartao-presente.html]
[static.maxmilhas.com.br/img/creditcard/banner_desktop.jpg]
[static.maxmilhas.com.br/img/creditcard/icon_creditcard.png]
[static.maxmilhas.com.br/img/creditcard/icon_miles.png]
[static.maxmilhas.com.br/img/creditcard/icon_money.png]
[static.maxmilhas.com.br/img/creditcard/howtopoints.jpg]
[static.maxmilhas.com.br/img/creditcard/logo-bandeira-visa.png]
[static.maxmilhas.com.br/img/creditcard/logo-bandeira-master.png]
[static.maxmilhas.com.br/img/creditcard/logo-bandeira-amex.png]
[static.maxmilhas.com.br/img/creditcard/logo-bandeira-elo.png]
[static.maxmilhas.com.br/img/creditcard/airplane_creditcard.jpg]
[www.maxmilhas.com.br/vender-milhas-e-legal.html]
[www.maxmilhas.com.br/passagens-aereas/feriados.html]
[www.maxmilhas.com.br/passagem-aerea-promocao.html]
[www.maxmilhas.com.br/passagens-aereas/belo-horizonte-br.html]
[www.maxmilhas.com.br/passagens-aereas/sao-paulo-br.html]
[www.maxmilhas.com.br/passagens-aereas/salvador-br.html]
[www.maxmilhas.com.br/passagens-aereas/fortaleza-br.html]
[www.maxmilhas.com.br/passagens-aereas/rio-de-janeiro-br.html]
[www.maxmilhas.com.br/melhores-destinos-para-viajar.html]
[www.maxmilhas.com.br/lp/passagens-milhas]
[maxmilhas.s3.amazonaws.com/seo/images/geral/selo-ra_100.png]
[collector-px6lfn3nm0.perimeterx.net/api/v1/collector/noScriptc739.json]
[static.maxmilhas.com.br/js/global.[f27e7264b10a22051860].js]
[static.maxmilhas.com.br/js/creditCard.[11daf4d597b171f4cb83].js]
[cdn.onesignal.com/sdks/OneSignalSDK.js]
[s3.amazonaws.com/downloads.mailchimp.com/js/mc-validate.js]
[www.maxmilhas.com.br/milhas/pontos-cartao-credito.html]
[www.maxmilhas.com.br/_next/static/css/1777c15200e578a5.css]
[www.maxmilhas.com.br/lp/cia-aerea/gol.html]
[www.maxmilhas.com.br/lp/cia-aerea/latam.html]
[www.maxmilhas.com.br/lp/cia-aerea/azul.html]
[www.maxmilhas.com.br/lp/cia-aerea/tap.html]
[www.maxmilhas.com.br/_next/static/chunks/pages/error-57c52aa9453ac3f6.js]
[www.maxmilhas.com.br/cia-aerea/[object Object].html]
[www.maxmilhas.com.br/_next/63f8fad922b0cerrorb69b.png]
[www.maxmilhas.com.br/_next/63f8fad922b0cerrora735.webp]
[www.maxmilhas.com.br/error.html]
[cdn.icomoon.io/124302/MaxIcons/max-iconsf809.eot]
[cdn.icomoon.io/124302/MaxIcons/max-iconsf809.woff2]
[cdn.icomoon.io/124302/MaxIcons/max-iconsf809.ttf]
[cdn.icomoon.io/124302/MaxIcons/max-iconsf809.woff]
[cdn.icomoon.io/124302/MaxIcons/style-cf800f.css]
[cdn.icomoon.io/124302/MaxIcons/max-iconsf809.svg]
[www.maxmilhas.com.br/my-account-assets/_next/static/chunks/pages/relembrar-senha-94251f6eb61b2376.js]
[www.maxmilhas.com.br/relembrar-senha.html]
[www.googletagmanager.com/gtm5445.html]
[cdn.icomoon.io/124302/MaxIcons/style-cff7c3.css]
[www.maxmilhas.com.br/cadastro.html]
[static.maxmilhas.com.br/img/default-big.jpg]
[static.maxmilhas.com.br/css/small.[af19fc3b60bd1b3fd854].css]
[static.maxmilhas.com.br/css/seoTitleCss.[cd61c6ca8901df851045].css]
[static.maxmilhas.com.br/img/img-default-290x350.jpg]
[static.maxmilhas.com.br/css/seoCss.[2a4662b0913c88052633].css]
[static.maxmilhas.com.br/css/app.[5e74858d048c714e4c60].css]
[www.maxmilhas.com.br/_next/static/chunks/pages/consultar-cartao-presente-40eb768c3cdc802f.js]
[www.maxmilhas.com.br/_next/63a1f75ee2d8flogo-cartao-presentef47b.webp]
[www.maxmilhas.com.br/consultar-cartao-presente.html]
[www.maxmilhas.com.br/_next/static/chunks/pages/vender-milhas-e-legal-42ac5ded57cb72c2.js]
[www.maxmilhas.com.br/_next/642cf1b7e7824vender-milhas-e-legalf38c.jpeg]
[www.maxmilhas.com.br/vender-milhas-e-legal.html]
[static.maxmilhas.com.br/css/searchformBasic.[0e6623f9bdeffb3fbe92].css]
[static.maxmilhas.com.br/css/seoCardsCss.[615d02c3a183c40e6422].css]
[static.maxmilhas.com.br/css/seoBannersCss.[07c2a343146867d79df9].css]
[static.maxmilhas.com.br/css/seoSwiperCss.[fc28d0a71741a6bd990d].css]
[static.maxmilhas.com.br/css/seoTrendsCss.[fd5163ff56c9fea86798].css]
[static.maxmilhas.com.br/css/seoHolidaysCss.[b3a21dd6cd875e004cab].css]
[static.maxmilhas.com.br/img/defaults/img-default-1920x450.jpg]
[www.maxmilhas.com.br/passagens-aereas/feriados/reveillon-ano-novo.html]
[static.maxmilhas.com.br/img/holiday/filter/reveillon-770x305.jpg]
[static.maxmilhas.com.br/img/holiday/filter/dia_mundial_das_milhas-770x305.jpg]
[www.maxmilhas.com.br/passagens-aereas/feriados/carnaval.html]
[static.maxmilhas.com.br/img/holiday/filter/carnaval-770x305.jpg]
[www.maxmilhas.com.br/passagens-aereas/feriados/pascoa-semana-santa.html]
[static.maxmilhas.com.br/img/holiday/filter/pascoa-770x305.jpg]
[www.maxmilhas.com.br/passagens-aereas/feriados/dia-do-trabalho.html]
[static.maxmilhas.com.br/img/holiday/filter/dia_do_trabalhador-770x305.jpg]
[www.maxmilhas.com.br/passagens-aereas/feriados/dia-das-maes.html]
[static.maxmilhas.com.br/img/holiday/filter/dia_das_maes-770x305.jpg]
[www.maxmilhas.com.br/passagens-aereas/feriados/corpus-christi.html]
[static.maxmilhas.com.br/img/holiday/filter/corpus_christi-770x305.jpg]
[www.maxmilhas.com.br/passagens-aereas/feriados/dia-dos-namorados.html]
[static.maxmilhas.com.br/img/holiday/filter/dia_dos_namorados-770x305.jpg]
[www.maxmilhas.com.br/passagens-aereas/feriados/festa-junina.html]
[static.maxmilhas.com.br/img/holiday/filter/festa_junina-770x305.jpg]
[www.maxmilhas.com.br/passagens-aereas/feriados/7-de-setembro.html]
[static.maxmilhas.com.br/img/holiday/filter/independencia_do_brasil-770x305.jpg]
[www.maxmilhas.com.br/passagens-aereas/feriados/nossa-senhora-aparecida.html]
[static.maxmilhas.com.br/img/holiday/filter/dia_das_criancas-770x305.jpg]
[www.maxmilhas.com.br/passagens-aereas/feriados/finados.html]
[static.maxmilhas.com.br/img/holiday/filter/finados-950x305.jpg]
[www.maxmilhas.com.br/passagens-aereas/feriados/proclamacao-da-republica.html]
[static.maxmilhas.com.br/img/holiday/filter/proclamacao_da_republica-770x305.jpg]
[www.maxmilhas.com.br/black-friday.html]
[static.maxmilhas.com.br/img/holiday/filter/black_friday-770x305.jpg]
[static.maxmilhas.com.br/img/holiday/filter/reveillon-1920x450.jpg]
[static.maxmilhas.com.br/img/holiday/filter/dia_das_maes-290x250.jpg]
[static.maxmilhas.com.br/img/holiday/filter/dia_dos_namorados-290x250.jpg]
[static.maxmilhas.com.br/img/holiday/filter/black_friday-290x250.jpg]
[static.maxmilhas.com.br/img/holiday/filter/dia_mundial_das_milhas-290x250.jpg]
[www.maxmilhas.com.br/passagens-aereas/recife-br.html]
[www.maxmilhas.com.br/passagens-aereas/curitiba-br.html]
[www.maxmilhas.com.br/passagens-aereas/natal-br.html]
[www.maxmilhas.com.br/passagens-aereas/brasilia-br.html]
[www.maxmilhas.com.br/passagens-aereas/porto-seguro-br.html]
[www.maxmilhas.com.br/passagens-aereas/porto-alegre-br.html]
[www.maxmilhas.com.br/passagens-aereas/foz-do-iguacu-br.html]
[www.maxmilhas.com.br/passagens-aereas/maceio-br.html]
[static.maxmilhas.com.br/js/searchform.[bcc1ddb52df7ce442320].js]
[static.maxmilhas.com.br/js/homeSeo.[9f3c450cf216cfef0594].js]
[www.maxmilhas.com.br/passagens-aereas/feriados.html]
[static.maxmilhas.com.br/js/landing-pages.[d501ee4fe2d9dea6d03c].js]
[www.maxmilhas.com.br/lp/passagem-aerea-promocao.html]
[www.maxmilhas.com.br/passagem-aerea-promocao.html]
[www.maxmilhas.com.br/_next/static/chunks/pages/passagem-aerea-promocao-65cf921725853bff.js]
[www.maxmilhas.com.br/_next/static/chunks/7926-0b98ad135ae2ba02.js]
[www.maxmilhas.com.br/_next/static/chunks/pages/passagens-aereas/[path]-1e72d1fc77d3ea9f.js]
[www.maxmilhas.com.br/_next/BeloHorizonte_01-1920x550_f2c6e.jpeg]
[s3.amazonaws.com/maxmilhas/destination-page/1920x550/BeloHorizonte_01-1920x550_f.jpg]
[www.maxmilhas.com.br/passagens-aereas/belo-horizonte-br.html]
[www.maxmilhas.com.br/_next/SaoPaulo_01-1920x550_ff770.jpeg]
[s3.amazonaws.com/maxmilhas/destination-page/1920x550/SaoPaulo_01-1920x550_f.jpg]
[www.maxmilhas.com.br/_next/S%C3%A3o-Paulo-Destaque-270x190.jpeg_; filename_=UTF-8''S%25C3%25A3o-Paulo-Destaque-270x19024e7.jpeg]
[www.maxmilhas.com.br/_next/shutterstock_1442760731-scaled-270x190165c.jpeg]
[www.maxmilhas.com.br/_next/raphael-fernandes-0uzG88fsp6Q-unsplash-scaled-270x190323c.jpeg]
[www.maxmilhas.com.br/_next/guilherme-stecanella-SaVlzqe9068-unsplash-scaled-270x190dd9e.jpeg]
[www.maxmilhas.com.br/passagens-aereas/sao-paulo-br.html]
[www.maxmilhas.com.br/_next/Salvador_01-1920x550_ff7de.jpeg]
[s3.amazonaws.com/maxmilhas/destination-page/1920x550/Salvador_01-1920x550_f.jpg]
[www.maxmilhas.com.br/_next/ruas-hist%C3%B3ricas-salvador-3it11xrcrc4sdn2fsssah6.jpeg_; filename_=UTF-8''ruas-hist%25C3%25B3ricas-salvador-3it11xrcrc4sdn2fsssah630d3.jpeg]
[www.maxmilhas.com.br/_next/shutterstock_170818289-3it11qq1mya8qx9m8afklmecdb.jpeg]
[www.maxmilhas.com.br/_next/o-que-fazer-a-noite-em-salvador-3it10cgp1x2x3iow5shami1125.jpeg]
[www.maxmilhas.com.br/_next/255641-guia-sobre-salvador-descubra-como-aproveitar-a-capital-baiana-3it11qq1mya8qx9m8afklm5c76.jpeg]
[www.maxmilhas.com.br/passagens-aereas/salvador-br.html]
[www.maxmilhas.com.br/_next/Fortaleza_01-1920x550_f630e.jpeg]
[s3.amazonaws.com/maxmilhas/destination-page/1920x550/Fortaleza_01-1920x550_f.jpg]
[www.maxmilhas.com.br/_next/barco-a-vela-atado-areia-270x190c3e6.jpeg]
[www.maxmilhas.com.br/_next/praia-de-cumbuco-270x190f4f3.jpeg]
[www.maxmilhas.com.br/_next/pier-fortaleza-270x1902126.jpeg]
[www.maxmilhas.com.br/_next/coqueiros-praia-Fortaleza-270x1908f31.jpeg]
[www.maxmilhas.com.br/passagens-aereas/fortaleza-br.html]
[www.maxmilhas.com.br/_next/RiodeJaneiro_01-1920x550_f3199.jpeg]
[s3.amazonaws.com/maxmilhas/destination-page/1920x550/RiodeJaneiro_01-1920x550_f.jpg]
[www.maxmilhas.com.br/_next/Rio-de-Janeiro-iluminado-270x190738a.jpeg]
[www.maxmilhas.com.br/_next/dulcey-lima-D52yn3tlJjo-unsplash-scaled-270x190401f.jpeg]
[www.maxmilhas.com.br/_next/245567-entregar-ate-dia-0810-rio-de-janeiro-saiba-como-desfrutar-da-cidade-maravilhosa-270x1904e49.jpeg]
[www.maxmilhas.com.br/_next/Praia-do-Forno-Arraial-dAjuda-270x1903753.jpeg]
[www.maxmilhas.com.br/passagens-aereas/rio-de-janeiro-br.html]
[www.maxmilhas.com.br/_next/static/chunks/pages/melhores-destinos-para-viajar-41ddeb3386492a51.js]
[www.maxmilhas.com.br/_next/643d3492a04f3banner_site_melhoresdestinos_320x3007922.jpeg]
[www.maxmilhas.com.br/melhores-destinos-para-viajar.html]
[cdn.icomoon.io/124302/MaxIcons/max-iconsf809.svg]
[www.maxmilhas.com.br/my-account-assets/_next/static/chunks/60-0efde2f4a3c07c41.js]
[www.maxmilhas.com.br/my-account-assets/_next/static/chunks/889-46f47e1e6fa02d1e.js]
[www.maxmilhas.com.br/my-account-assets/_next/static/chunks/240-2fb4c99a8588bbf8.js]
[www.maxmilhas.com.br/lp/passagens-milhas.html]
[www.maxmilhas.com.br/cia-aerea/[object Object].html]
[www.maxmilhas.com.br/my-account-assets/_next/static/chunks/664-a0a3196482b816c9.js]
[www.maxmilhas.com.br/my-account-assets/_next/static/chunks/pages/cadastro-745ebd8e362d1880.js]
[www.maxmilhas.com.br/cadastro.html]
[api.siteblindado.com/v1/seal/aw/www.maxmilhas.com.br/seal.png]
[selo.siteblindado.com/aw.js]
[static.maxmilhas.com.br/css/searchformBasic.[0e6623f9bdeffb3fbe92].css]
[static.maxmilhas.com.br/css/seoCardsCss.[615d02c3a183c40e6422].css]
[static.maxmilhas.com.br/css/seoBlogCss.[bc17e42f1485cd2c96dd].css]
[static.maxmilhas.com.br/css/seoBannersCss.[07c2a343146867d79df9].css]
[static.maxmilhas.com.br/css/seoSwiperCss.[fc28d0a71741a6bd990d].css]
[static.maxmilhas.com.br/css/seoTrendsCss.[fd5163ff56c9fea86798].css]
[static.maxmilhas.com.br/img/promotions/carnaval/banner-large-carnaval.jpg]
[static.maxmilhas.com.br/css/seoHolidaysCss.[b3a21dd6cd875e004cab].css]
[s3.amazonaws.com/maxmilhas/airports/1200x630/CWB.jpg]
[s3.amazonaws.com/maxmilhas/airports/1200x630/GR.jpg]
[s3.amazonaws.com/maxmilhas/airports/1200x630/BSB.jpg]
[s3.amazonaws.com/maxmilhas/airports/1200x630/FOR.jpg]
[s3.amazonaws.com/maxmilhas/airports/1200x630/BU.jpg]
[s3.amazonaws.com/maxmilhas/airports/1200x630/RIO.jpg]
[s3.amazonaws.com/maxmilhas/airports/1200x630/POA.jpg]
[s3.amazonaws.com/maxmilhas/airports/1200x630/BPS.jpg]
[s3.amazonaws.com/maxmilhas/airports/1200x630/SAO.jpg]
[static.maxmilhas.com.br/img/staticpage/advisory/banner-top.jpg]
[static.maxmilhas.com.br/img/promotions/carnaval/card-carnaval.jpg]
[static.maxmilhas.com.br/img/promotions/semana-santa-pascoa/card-semana-santa.jpg]
[static.maxmilhas.com.br/img/promotions/dia-do-trabalho/card-dia-do-trabalho.jpg]
[static.maxmilhas.com.br/img/promotions/dia-das-maes/card-dia-das-maes.jpg]
[static.maxmilhas.com.br/img/promotions/corpus-christi/card-corpus-christi.jpg]
[static.maxmilhas.com.br/img/promotions/dia-dos-namorados/card-dia-dos-namorados.jpg]
[www.maxmilhas.com.br/passagens-aereas/feriados/reveillon-ano-novo.html]
[s3.amazonaws.com/maxmilhas/airports/1200x630/SSA.jpg]
[s3.amazonaws.com/maxmilhas/airports/1200x630/OP.jpg]
[s3.amazonaws.com/maxmilhas/airports/1200x630/REC.jpg]
[s3.amazonaws.com/maxmilhas/airports/1200x630/BHZ.jpg]
[static.maxmilhas.com.br/img/promotions/festa-junina/card-festa-junina.jpg]
[www.maxmilhas.com.br/passagens-aereas/feriados/carnaval.html]
[s3.amazonaws.com/maxmilhas/airports/1200x630/NAT.jpg]
[www.maxmilhas.com.br/passagens-aereas/caldas-novas-br.html]
[s3.amazonaws.com/maxmilhas/airports/1200x630/GYN.jpg]
[www.maxmilhas.com.br/passagens-aereas/goiania-br.html]
[static.maxmilhas.com.br/img/promotions/independencia-do-brasil/card-independencia-do-brasil.jpg]
[www.maxmilhas.com.br/passagens-aereas/feriados/pascoa-semana-santa.html]
[www.maxmilhas.com.br/passagens-aereas/campinas-viracopos-br.html]
[s3.amazonaws.com/maxmilhas/airports/1200x630/VCP.jpg]
[www.maxmilhas.com.br/passagens-aereas/florianopolis-br.html]
[s3.amazonaws.com/maxmilhas/airports/1200x630/FLN.jpg]
[www.maxmilhas.com.br/passagens-aereas/vitoria-br.html]
[s3.amazonaws.com/maxmilhas/airports/1200x630/VIX.jpg]
[static.maxmilhas.com.br/img/promotions/nossa-senhora-aparecida/card-nossa-senhora-aparecida.jpg]
[www.maxmilhas.com.br/passagens-aereas/feriados/dia-do-trabalho.html]
[www.maxmilhas.com.br/passagens-aereas/manaus-br.html]
[s3.amazonaws.com/maxmilhas/airports/1200x630/MAO.jpg]
[www.maxmilhas.com.br/passagens-aereas/belem-br.html]
[s3.amazonaws.com/maxmilhas/airports/1200x630/BEL.jpg]
[s3.amazonaws.com/maxmilhas/airports/1200x630/IGU.jpg]
[www.maxmilhas.com.br/passagens-aereas/teresina-br.html]
[s3.amazonaws.com/maxmilhas/airports/1200x630/THE.jpg]
[static.maxmilhas.com.br/img/promotions/finados/card-finados.jpg]
[www.maxmilhas.com.br/passagens-aereas/feriados/dia-das-maes.html]
[static.maxmilhas.com.br/img/promotions/proclamacao-da-republica/card-proclamacao-da-republica.jpg]
[www.maxmilhas.com.br/passagens-aereas/feriados/corpus-christi.html]
[www.maxmilhas.com.br/passagens-aereas/fernando-de-noronha-br.html]
[s3.amazonaws.com/maxmilhas/airports/1200x630/FEN.jpg]
[s3.amazonaws.com/maxmilhas/airports/1200x630/PA.jpg]
[www.maxmilhas.com.br/passagens-aereas/palmas-br.html]
[s3.amazonaws.com/maxmilhas/airports/1200x630/JA.jpg]
[www.maxmilhas.com.br/passagens-aereas/bonito-br.html]
[s3.amazonaws.com/maxmilhas/airports/1200x630/BYO.jpg]
[static.maxmilhas.com.br/img/promotions/ano-novo/card-ano-novo.jpg]
[www.maxmilhas.com.br/passagens-aereas/feriados/dia-dos-namorados.html]
[www.maxmilhas.com.br/passagens-aereas/aracaju-br.html]
[s3.amazonaws.com/maxmilhas/airports/1200x630/AJU.jpg]
[www.maxmilhas.com.br/passagens-aereas/joao-pessoa-br.html]
[s3.amazonaws.com/maxmilhas/airports/1200x630/JPA.jpg]
[s3.amazonaws.com/maxmilhas/airports/1200x630/MCZ.jpg]
[www.maxmilhas.com.br/passagens-aereas/feriados/festa-junina.html]
[www.maxmilhas.com.br/passagens-aereas/sao-luis-br.html]
[s3.amazonaws.com/maxmilhas/airports/1200x630/SLZ.jpg]
[www.maxmilhas.com.br/passagens-aereas/feriados/7-de-setembro.html]
[www.maxmilhas.com.br/passagens-aereas/feriados/nossa-senhora-aparecida.html]
[www.maxmilhas.com.br/passagens-aereas/feriados/finados.html]
[www.maxmilhas.com.br/passagens-aereas/feriados/proclamacao-da-republica.html]
[website-hangar-assets.maxmilhas.com.br/2023/11/07/654a842564a84maxfriday_og.jpg]
[www.maxmilhas.com.br/_next/static/chunks/pages/black-friday-08a119b3e1035b88.js]
[www.maxmilhas.com.br/_next/654a8ecf7d726maxmilhas_logo_principal_brancob8d9.jpeg]
[www.maxmilhas.com.br/_next/6565072b5cae9HERO-GERALf0b5.jpeg]
[www.maxmilhas.com.br/black-friday.html]
[www.maxmilhas.com.br/_next/Recife-01-1920x550_fd14a.jpeg]
[s3.amazonaws.com/maxmilhas/destination-page/1920x550/Recife-01-1920x550_f.jpg]
[www.maxmilhas.com.br/_next/porto-de-galinhas-shutterstock_1591545205-scaled-3it10akufj33eshtdspgju8356.jpeg]
[www.maxmilhas.com.br/_next/ground-zero-g545b254e0_1920-3it10d3b9dquzrf934ekne02e7.jpeg]
[www.maxmilhas.com.br/_next/melhores-roteiros-de-Recife-3it10f87kct28l42mujpxmdcac.jpeg]
[www.maxmilhas.com.br/_next/restaurantes-recife-scaled-3it117vjf2bzvnaugcp7uyea49.jpeg]
[www.maxmilhas.com.br/passagens-aereas/recife-br.html]
[www.maxmilhas.com.br/_next/Curitiba_01-1920x550_fde42.jpeg]
[s3.amazonaws.com/maxmilhas/destination-page/1920x550/Curitiba_01-1920x550_f.jpg]
[www.maxmilhas.com.br/_next/o-que-fazer-em-curitiba-a-noite-3it10bgibktev4px2v01saa623.jpeg]
[www.maxmilhas.com.br/_next/onde-ficar-em-curitiba-1-3it11sqf3mt97p7ke5e2a2af39.jpeg]
[www.maxmilhas.com.br/_next/restaurantes-centro-curitiba-3it11shdf1qvnlptmf0r2i8473.jpeg]
[www.maxmilhas.com.br/_next/Guia-de-Curitiba-3it11rur7l2xrczgp33h1m0758.jpeg]
[www.maxmilhas.com.br/passagens-aereas/curitiba-br.html]
[www.maxmilhas.com.br/_next/Natal_01-1920x550_f42f0.jpeg]
[s3.amazonaws.com/maxmilhas/destination-page/1920x550/Natal_01-1920x550_f.jpg]
[www.maxmilhas.com.br/_next/como-viajar-barato-no-natal-5-1-3it11v8vxhh0so503h36dm3592.jpeg]
[www.maxmilhas.com.br/_next/natal-luz-gramado-1-1-3it102se9e1f3s7ri38t1m03d7.jpeg]
[www.maxmilhas.com.br/_next/onde-passar-natal-16-3it104o8vs18sieua30n4af205.jpeg]
[www.maxmilhas.com.br/_next/Onde-ficar-em-Natal-3it11qlisnr1yviquf8wzu08ab.jpeg]
[www.maxmilhas.com.br/passagens-aereas/natal-br.html]
[www.maxmilhas.com.br/_next/Brasilia_01-1920x550_fc562.jpeg]
[s3.amazonaws.com/maxmilhas/destination-page/1920x550/Brasilia_01-1920x550_f.jpg]
[www.maxmilhas.com.br/_next/76-scaled-270x1906f29.jpeg]
[www.maxmilhas.com.br/_next/quando-ir-a-brasilia-270x190f72a.jpeg]
[www.maxmilhas.com.br/_next/Onde-se-hospedar-em-Brasilia-1-270x190722a.jpeg]
[www.maxmilhas.com.br/_next/lago-paranoa-1445203718-270x1905d35.jpeg]
[www.maxmilhas.com.br/passagens-aereas/brasilia-br.html]
[www.maxmilhas.com.br/_next/627978771928abanner_lp_padrao951b.jpeg]
[www.maxmilhas.com.br/passagens-aereas/porto-seguro-br.html]
[www.maxmilhas.com.br/_next/PortoAlegre_01-1920x550_fafbd.jpeg]
[s3.amazonaws.com/maxmilhas/destination-page/1920x550/PortoAlegre_01-1920x550_f.jpg]
[www.maxmilhas.com.br/_next/retaurante-rio-gua%C3%ADba-3it11r8504ezv493rr670q.jpeg_; filename_=UTF-8''retaurante-rio-gua%25C3%25ADba-3it11r8504ezv493rr670q470e.jpeg]
[www.maxmilhas.com.br/_next/como-chegar-em-porto-alegre-1-3it11rlpj00k79hpxcq5u2994b.jpeg]
[www.maxmilhas.com.br/_next/o-que-fazer-em-porto-alegre-3it10bbzhaa832z1ozte6i032c.jpeg]
[www.maxmilhas.com.br/_next/Onde-ficar-em-Porto-Alegre-3it11pgt80ycyfswdml0jue38b.jpeg]
[www.maxmilhas.com.br/passagens-aereas/porto-alegre-br.html]
[www.maxmilhas.com.br/_next/Guia-de-Foz-do-Iguacu-3it11pcadqf66e20zrecy2a7ec.jpeg]
[www.maxmilhas.com.br/_next/vista-de-cima-cachoeira-foz-do-igua%C3%A7u-3it11rq8dajqzb8lb7wtfu.jpeg_; filename_=UTF-8''vista-de-cima-cachoeira-foz-do-igua%25C3%25A7u-3it11rq8dajqzb8lb7wtfu604d.jpeg]
[www.maxmilhas.com.br/passagens-aereas/foz-do-iguacu-br.html]
[www.maxmilhas.com.br/_next/Maceio_01-1920x550_f2a8c.jpeg]
[s3.amazonaws.com/maxmilhas/destination-page/1920x550/Maceio_01-1920x550_f.jpg]
[www.maxmilhas.com.br/_next/onde-comer-em-maceio-3it10absqy0pup02m2c5caf472.jpeg]
[www.maxmilhas.com.br/_next/melhores-hoteis-em-maceio-scaled-3it10a79wnhj2n97875hqi5542.jpeg]
[www.maxmilhas.com.br/_next/shutterstock_388880026-scaled-3it11ixlgt8kfwzkckyx3e6e7e.jpeg]
[www.maxmilhas.com.br/_next/passeio-de-bug-3it11vhxm2jecrmqv7ghl64f3f.jpeg]
[www.maxmilhas.com.br/passagens-aereas/maceio-br.html]
[www.maxmilhas.com.br/lp/passagem-aerea-promocao.html]
[www.maxmilhas.com.br/cia-aerea/[object Object].html]
[www.maxmilhas.com.br/_next/static/chunks/pages/lp/[path]-638f7a55729cbb01.js]
[www.maxmilhas.com.br/lp/passagens-milhas.html]
[www.maxmilhas.com.br/_next/resort-caldas-novas-3it122a71vbkfdxtnzfw96a1df.jpeg]
[www.maxmilhas.com.br/passagens-aereas/caldas-novas-br.html]
[www.maxmilhas.com.br/_next/Goiania_01-1920x550_f1bc7.jpeg]
[s3.amazonaws.com/maxmilhas/destination-page/1920x550/Goiania_01-1920x550_f.jpg]
[www.maxmilhas.com.br/_next/o-que-fazer-a-noite-em-goiania-3it10absqy0pup02m2c5ca524e.jpeg]
[www.maxmilhas.com.br/_next/shutterstock_1169919631-3it11s8bqgoi3i82uonfuy2ea7.jpeg]
[www.maxmilhas.com.br/_next/hoteis-em-goiania-3it10a2r2cycalibubyu4q0ddc.jpeg]
[www.maxmilhas.com.br/passagens-aereas/goiania-br.html]
[www.maxmilhas.com.br/passagens-aereas/campinas-viracopos-br.html]
[www.maxmilhas.com.br/_next/Florianopolis_01-1920x550_f8f64.jpeg]
[s3.amazonaws.com/maxmilhas/destination-page/1920x550/Florianopolis_01-1920x550_f.jpg]
[www.maxmilhas.com.br/_next/Roteiro-de-passeio-em-Florianopolis-para-3-5-e-7-dias-3it10b7gmzr1b186b4mqkqf632.jpeg]
[www.maxmilhas.com.br/_next/guia-de-florianopolis-3it11plc2bhjqhjrrhro5m3a87.jpeg]
[www.maxmilhas.com.br/_next/onde-ficar-em-florianopolis-3it11shdf1qvnlptmf0r2icf86.jpeg]
[www.maxmilhas.com.br/_next/floripa-a-noite-MM-3it10bgibktev4px2v01saa219.jpeg]
[www.maxmilhas.com.br/passagens-aereas/florianopolis-br.html]
[www.maxmilhas.com.br/_next/Vitoria_01-1920x550_f7e5c.jpeg]
[s3.amazonaws.com/maxmilhas/destination-page/1920x550/Vitoria_01-1920x550_f.jpg]
[www.maxmilhas.com.br/_next/orla-cidade-de-vit%C3%B3ria-3it122j8qgdxzhfkfpt7gq.jpeg_; filename_=UTF-8''orla-cidade-de-vit%25C3%25B3ria-3it122j8qgdxzhfkfpt7gq7659.jpeg]
[www.maxmilhas.com.br/_next/vista-vitoria-3it11xrcrc4sdn2fsssah69136.jpeg]
[www.maxmilhas.com.br/passagens-aereas/vitoria-br.html]
[www.maxmilhas.com.br/_next/Manaus_01-1920x550_f0b0d.jpeg]
[s3.amazonaws.com/maxmilhas/destination-page/1920x550/Manaus_01-1920x550_f.jpg]
[www.maxmilhas.com.br/passagens-aereas/manaus-br.html]
[www.maxmilhas.com.br/_next/Belem_01-1920x550_f0221.jpeg]
[s3.amazonaws.com/maxmilhas/destination-page/1920x550/Belem_01-1920x550_f.jpg]
[www.maxmilhas.com.br/_next/porto-de-bel%C3%A9m-2-270x190.jpeg_; filename_=UTF-8''porto-de-bel%25C3%25A9m-2-270x190fac2.jpeg]
[www.maxmilhas.com.br/_next/porto-de-bel%C3%A9m-270x190.jpeg_; filename_=UTF-8''porto-de-bel%25C3%25A9m-270x1903cd9.jpeg]
[www.maxmilhas.com.br/_next/Quando-ir-a-Bel%C3%A9m-270x190.jpeg_; filename_=UTF-8''Quando-ir-a-Bel%25C3%25A9m-270x1909bdb.jpeg]
[www.maxmilhas.com.br/_next/Como-chegar-em-Bel%C3%A9m-270x190.jpeg_; filename_=UTF-8''Como-chegar-em-Bel%25C3%25A9m-270x190cd8d.jpeg]
[www.maxmilhas.com.br/passagens-aereas/belem-br.html]
[www.maxmilhas.com.br/_next/Teresina_01-1920x550_f8cdf.jpeg]
[s3.amazonaws.com/maxmilhas/destination-page/1920x550/Teresina_01-1920x550_f.jpg]
[www.maxmilhas.com.br/_next/rio-poty-teresina-3it11r8504ezv493rr670q444a.jpeg]
[www.maxmilhas.com.br/passagens-aereas/teresina-br.html]
[www.maxmilhas.com.br/_next/Hoteis-em-Fernando-de-Noronha-3it10bl15vcln6gsgq6pe2395d.jpeg]
[www.maxmilhas.com.br/_next/onde-comer-em-fernando-de-noronha-3it10dlemjvm3yeqml572ieec1.jpeg]
[www.maxmilhas.com.br/_next/Roteiros-Fernando-de-Noronha-MM-3it10cu9ksohfnxibe19fu0716.jpeg]
[www.maxmilhas.com.br/_next/Praias-de-Fernando-de-Noronha-3it10cu9ksohfnxibe19fufff1.jpeg]
[www.maxmilhas.com.br/passagens-aereas/fernando-de-noronha-br.html]
[www.maxmilhas.com.br/_next/o-que-fazer-a-noite-em-palmas-3-scaled-3it106fknvhvp6v1o7ltl65a9b.jpeg]
[www.maxmilhas.com.br/_next/guia-de-palmas-3it10a2r2cycalibubyu4q0f7a.jpeg]
[www.maxmilhas.com.br/_next/hoteis-em-palmas-scaled-3it10a2r2cycalibubyu4q755d.jpeg]
[www.maxmilhas.com.br/_next/restaurantes-em-palmas-3it10apd9tma6u8ornw45mc0b5.jpeg]
[www.maxmilhas.com.br/passagens-aereas/palmas-br.html]
[www.maxmilhas.com.br/_next/bonito-ms-1-3it11p38p5csmaka8111qi6252.jpeg]
[www.maxmilhas.com.br/_next/roteiro-bonito-7-scaled-3it106xo11mmtduj7ocg0a06d6.jpeg]
[www.maxmilhas.com.br/_next/restaurantes-em-bonito-3it106t56r3g1c3ntt5seifd4e.jpeg]
[www.maxmilhas.com.br/_next/como-chegar-em-bonito-2-scaled-3it105ofm4ar0wdtd0hvyif437.jpeg]
[www.maxmilhas.com.br/passagens-aereas/bonito-br.html]
[www.maxmilhas.com.br/_next/Aracaju_01-1920x550_f7aaa.jpeg]
[s3.amazonaws.com/maxmilhas/destination-page/1920x550/Aracaju_01-1920x550_f.jpg]
[www.maxmilhas.com.br/_next/o-que-fazer-a-noite-aracaju-3it10cc67mjqbgy0rxan0qea92.jpeg]
[www.maxmilhas.com.br/_next/onde-ficar-em-aracaju-3it10cgp1x2x3iow5shami495e.jpeg]
[www.maxmilhas.com.br/_next/Restaurantes-em-Aracaju-Maxmilhas-3it10bl15vcln6gsgq6pe24b34.jpeg]
[www.maxmilhas.com.br/_next/Aracaju-3it10cl7w7m3vkfrjnny8ae977.jpeg]
[www.maxmilhas.com.br/passagens-aereas/aracaju-br.html]
[www.maxmilhas.com.br/_next/JoaoPessoa_01-1920x550_fae46.jpeg]
[s3.amazonaws.com/maxmilhas/destination-page/1920x550/JoaoPessoa_01-1920x550_f.jpg]
[www.maxmilhas.com.br/_next/restaurantes-em-joao-pessoa-3it11qlisnr1yviquf8wzuc23d.jpeg]
[www.maxmilhas.com.br/_next/o-que-fazer-noite-em-joao-pessoa-2-3it11wi4ceswl5lpy4xqfe5edf.jpeg]
[www.maxmilhas.com.br/_next/guia-joao-pessoa-7-1-scaled-3it11plc2bhjqhjrrhro5m3bc5.jpeg]
[www.maxmilhas.com.br/_next/hoteis-joao-pessoa-2-1-scaled-3it106b1tkyox546acf5zee770.jpeg]
[www.maxmilhas.com.br/passagens-aereas/joao-pessoa-br.html]
[www.maxmilhas.com.br/_next/SaoLuiz_01-1920x550_f96de.jpeg]
[s3.amazonaws.com/maxmilhas/destination-page/1920x550/SaoLuiz_01-1920x550_f.jpg]
[www.maxmilhas.com.br/passagens-aereas/sao-luis-br.html]
[www.maxmilhas.com.br/lp/passagens-milhas.html]
